[] Ошибка подготовки передач КИЗов: SalesFileGenerator.__init__() got an unexpected keyword argument 'logger'
[] Ошибка подготовки передач КИЗов: SalesFileGenerator.__init__() got an unexpected keyword argument 'logger'
[2026-09-25 16:29:59] [CRITICAL] [ChzMPWindow.chz_mp_window] Ошибка в on_finalize_prices: 'ChzMPWindow' object has no attribute '_request_average_price'
[2026-09-25 16:30:17] [CRITICAL] [ChzMPWindow.chz_mp_window] Ошибка в on_finalize_prices: 'ChzMPWindow' object has no attribute '_request_average_price'
[2026-09-25 18:34:11] [CRITICAL] [MainWindow.main] Ошибка при открытии окна 'Возвраты': 'LogManager' object has no attribute 'create_logger_v2'
[2026-09-29 14:37:18] [CRITICAL] [MainWindow.main] Ошибка при открытии окна 'Планировщик': PlannerWindow.__init__() got an unexpected keyword argument 'log_manager_v2'
[2026-09-29 14:38:46] [CRITICAL] [MainWindow.main] Ошибка при открытии окна 'Продавцы': SellersWindow.__init__() got an unexpected keyword argument 'log_manager_v2'
[2026-09-29 14:38:51] [CRITICAL] [MainWindow.main] Ошибка при открытии окна 'Бренды': BrandsWindow.__init__() got an unexpected keyword argument 'log_manager_v2'
[2026-09-29 14:38:53] [CRITICAL] [MainWindow.main] Ошибка при открытии окна 'Планировщик': PlannerWindow.__init__() got an unexpected keyword argument 'log_manager_v2'
