DEBUG: Загружено состояние из .чз_мп_state.json
WARNING: Условие для 'export_kiz' не выполнено: Зависимость 'prepare' не выполнена
WARNING: Условие для 'filter_prefinal' не выполнено: Зависимость 'export_kiz' не выполнена
WARNING: Условие для 'generate_sales' не выполнено: Зависимость 'filter_prefinal' не выполнена
WARNING: Условие для 'finalize_prices' не выполнено: Зависимость 'generate_sales' не выполнена
INFO: Окно ЧЗ МП готово к работе.
DEBUG: Состояние кнопки 'prepare': GRAY → ACTIVE
INFO: Архивация прогона #3 в C:\Users\Владимир\Desktop\чз\Шаблоны\4_9_2026\ЧЗ_МП_4_9_2026\3 прогон
INFO: Запуск сервиса для шага: prepare
INFO: === Подготовка ЧЗ МП начата 04.09.2026 15:24 ===
INFO: Рабочая папка: C:\Users\Владимир\Desktop\чз\Шаблоны\4_9_2026\ЧЗ_МП_4_9_2026
INFO: Скопирован ЧЗ МП: ЧЗ_МП_04_09_2026.xlsx
INFO: Скопирован отчёт: ОТЧЁТ МП ПО Шилович Света_04_09_2026.xlsx
INFO: Скопирован отчёт: ОТЧЁТ МП ПО Хорошун Ира_04_09_2026.xlsx
INFO: Скопирован отчёт: ОТЧЁТ МП ПО Котова Аня_04_09_2026.xlsx
INFO: Скопирован отчёт: ОТЧЁТ МП ПО Гаак Наташа_04_09_2026.xlsx
INFO: Скопирован отчёт: ОТЧЁТ МП ПО Степанов Гоша_04_09_2026.xlsx
INFO: Скопирован отчёт: ОТЧЁТ МП ПО Фит Икс_04_09_2026.xlsx
INFO: === Подготовка ЧЗ МП завершена ===
INFO: Сервис для шага 'prepare' успешно завершён
WARNING: Условие для 'export_kiz' не выполнено: Зависимость 'prepare' не выполнена
DEBUG: Состояние сохранено в .чз_мп_state.json
INFO: Состояние процесса ЧЗ_МП сохранено
